file:///c:/Users/lenovo/Downloads/Website/node_modules/vite/dist/node/cli.js:445
          throw new CACError(`Unknown option \`${name.length > 1 ? `--${name}` : `-${name}`}\``);
                ^

CACError: Unknown option `--root`
    at Command.checkUnknownOptions (file:///c:/Users/lenovo/Downloads/Website/node_modules/vite/dist/node/cli.js:445:17)
    at CAC.runMatchedCommand (file:///c:/Users/lenovo/Downloads/Website/node_modules/vite/dist/node/cli.js:643:13)
    at CAC.parse (file:///c:/Users/lenovo/Downloads/Website/node_modules/vite/dist/node/cli.js:582:12)
    at file:///c:/Users/lenovo/Downloads/Website/node_modules/vite/dist/node/cli.js:915:5
    at ModuleJob.run (node:internal/modules/esm/module_job:343:25)
    at async onImport.tracePromise.__proto__ (node:internal/modules/esm/loader:665:26)

Node.js v22.22.0
