[36mvite v5.4.21 [32mbuilding for production...[36m[39m
[32m✓[39m 0 modules transformed.
[31mx[39m Build failed in 22ms
[31merror during build:
[31mCould not resolve entry module "index.html".[31m
    at getRollupError (file:///c:/Users/lenovo/Downloads/Website/node_modules/rollup/dist/es/shared/parseAst.js:317:41)
    at error (file:///c:/Users/lenovo/Downloads/Website/node_modules/rollup/dist/es/shared/parseAst.js:313:42)
    at ModuleLoader.loadEntryModule (file:///c:/Users/lenovo/Downloads/Website/node_modules/rollup/dist/es/shared/node-entry.js:22188:20)
    at async Promise.all (index 0)[39m
